  Determining projects to restore...
  All projects are up-to-date for restore.
  Prompt -> C:\Users\onlin\.openclaw\workspace\temp-garden\prompt\src\bin\Debug\net8.0\Prompt.dll
  Prompt.Tests -> C:\Users\onlin\.openclaw\workspace\temp-garden\prompt\tests\bin\Debug\net8.0\Prompt.Tests.dll
Test run for C:\Users\onlin\.openclaw\workspace\temp-garden\prompt\tests\bin\Debug\net8.0\Prompt.Tests.dll (.NETCoreApp,Version=v8.0)
A total of 1 test files matched the specified pattern.
dotnet : [xUnit.net 00:00:01.17]     Prompt.Tests.PromptTemplateTests.Render_CaseInsensitiveVariables [FAIL]
At line:2 char:1
+ dotnet test --nologo 2>&1 | Out-File test-result.txt
+ ~~~~~~~~~~~~~~~~~~~~~~~~~
    + CategoryInfo          : NotSpecified: ([xUnit.net 00:0...ariables [FAIL]:String) [], RemoteException
    + FullyQualifiedErrorId : NativeCommandError
 
  Failed Prompt.Tests.PromptTemplateTests.Render_CaseInsensitiveVariables [7 ms]
  Error Message:
   System.InvalidOperationException : Missing values for template variables: Name. Provide them via the variables parameter or set defaults.
  Stack Trace:
     at Prompt.PromptTemplate.Render(Dictionary`2 variables, Boolean strict) in C:\Users\onlin\.openclaw\workspace\temp-garden\prompt\src\PromptTemplate.cs:line 208
   at Prompt.Tests.PromptTemplateTests.Render_CaseInsensitiveVariables() in C:\Users\onlin\.openclaw\workspace\temp-garden\prompt\tests\PromptTemplateTests.cs:line 278
   at System.RuntimeMethodHandle.InvokeMethod(Object target, Void** arguments, Signature sig, Boolean isConstructor)
   at System.Reflection.MethodBaseInvoker.InvokeWithNoArgs(Object obj, BindingFlags invokeAttr)
[xUnit.net 00:00:01.85]     Prompt.Tests.PromptGuardTests.Sanitize_NullBytes_Removes [FAIL]
  Failed Prompt.Tests.PromptGuardTests.Sanitize_NullBytes_Removes [3 ms]
  Error Message:
   Assert.DoesNotContain() Failure: Sub-string found
         Γåô (pos 0)
String: "HelloWorldTest"
Found:  "\0"
  Stack Trace:
     at Prompt.Tests.PromptGuardTests.Sanitize_NullBytes_Removes() in C:\Users\onlin\.openclaw\workspace\temp-garden\prompt\tests\PromptGuardTests.cs:line 435
   at System.RuntimeMethodHandle.InvokeMethod(Object target, Void** arguments, Signature sig, Boolean isConstructor)
   at System.Reflection.MethodBaseInvoker.InvokeWithNoArgs(Object obj, BindingFlags invokeAttr)
[xUnit.net 00:00:01.89]     Prompt.Tests.PromptGuardTests.FullWorkflow_AnalyzeSanitizeWrapSend [FAIL]
  Failed Prompt.Tests.PromptGuardTests.FullWorkflow_AnalyzeSanitizeWrapSend [< 1 ms]
  Error Message:
   Assert.DoesNotContain() Failure: Sub-string found
         Γåô (pos 0)
String: "Tell me about [BLOCKED_SYSTEM] databases "┬╖┬╖┬╖
Found:  "\0"
  Stack Trace:
     at Prompt.Tests.PromptGuardTests.FullWorkflow_AnalyzeSanitizeWrapSend() in C:\Users\onlin\.openclaw\workspace\temp-garden\prompt\tests\PromptGuardTests.cs:line 882
   at System.RuntimeMethodHandle.InvokeMethod(Object target, Void** arguments, Signature sig, Boolean isConstructor)
   at System.Reflection.MethodBaseInvoker.InvokeWithNoArgs(Object obj, BindingFlags invokeAttr)
[xUnit.net 00:00:01.99]     Prompt.Tests.PromptGuardTests.Sanitize_ControlCharacters_Removes [FAIL]
  Failed Prompt.Tests.PromptGuardTests.Sanitize_ControlCharacters_Removes [< 1 ms]
  Error Message:
   Assert.DoesNotContain() Failure: Sub-string found
         Γåô (pos 0)
String: "HelloWorld"
Found:  ""
  Stack Trace:
     at Prompt.Tests.PromptGuardTests.Sanitize_ControlCharacters_Removes() in C:\Users\onlin\.openclaw\workspace\temp-garden\prompt\tests\PromptGuardTests.cs:line 446
   at System.RuntimeMethodHandle.InvokeMethod(Object target, Void** arguments, Signature sig, Boolean isConstructor)
   at System.Reflection.MethodBaseInvoker.InvokeWithNoArgs(Object obj, BindingFlags invokeAttr)
[xUnit.net 00:00:02.16]     Prompt.Tests.ExtendedEdgeCaseTests.Conversation_LargeMessageCount_HandlesCorrectly [FAIL]
  Failed Prompt.Tests.ExtendedEdgeCaseTests.Conversation_LargeMessageCount_HandlesCorrectly [9 ms]
  Error Message:
   Assert.Equal() Failure: Values differ
Expected: 1001
Actual:   1000
  Stack Trace:
     at Prompt.Tests.ExtendedEdgeCaseTests.Conversation_LargeMessageCount_HandlesCorrectly() in C:\Users\onlin\.openclaw\workspace\temp-garden\prompt\tests\ExtendedEdgeCaseTests.cs:line 141
   at System.RuntimeMethodHandle.InvokeMethod(Object target, Void** arguments, Signature sig, Boolean isConstructor)
   at System.Reflection.MethodBaseInvoker.InvokeWithNoArgs(Object obj, BindingFlags invokeAttr)
[xUnit.net 00:00:02.19]     
Prompt.Tests.ConversationSerializationTests.LoadFromJson_ThrowsInvalidOperation_WhenNoMessagesArray [FAIL]
  Failed Prompt.Tests.ConversationSerializationTests.LoadFromJson_ThrowsInvalidOperation_WhenNoMessagesArray [3 ms]
  Error Message:
   Assert.Throws() Failure: No exception was thrown
Expected: typeof(System.InvalidOperationException)
  Stack Trace:
     at Prompt.Tests.ConversationSerializationTests.LoadFromJson_ThrowsInvalidOperation_WhenNoMessagesArray() in C:\Users\onlin\.openclaw\workspace\temp-garden\prompt\tests\ConversationSerializationTests.cs:line 214
   at System.RuntimeMethodHandle.InvokeMethod(Object target, Void** arguments, Signature sig, Boolean isConstructor)
   at System.Reflection.MethodBaseInvoker.InvokeWithNoArgs(Object obj, BindingFlags invokeAttr)
[xUnit.net 00:00:24.28]     Prompt.Tests.ExtendedEdgeCaseTests.ChainResult_Steps_AreReadOnly [FAIL]
  Failed Prompt.Tests.ExtendedEdgeCaseTests.ChainResult_Steps_AreReadOnly [7 ms]
  Error Message:
   Assert.Single() Failure: The collection contained 2 items
Collection: [StepResult { Elapsed = 00:00:01, OutputVariable = "o1", RenderedPrompt = "p1", Response = "r1", StepName = "s1" }, StepResult { Elapsed = 00:00:01, OutputVariable = "o2", RenderedPrompt = "p2", Response = "r2", StepName = "s2" }]
  Stack Trace:
     at Prompt.Tests.ExtendedEdgeCaseTests.ChainResult_Steps_AreReadOnly() in C:\Users\onlin\.openclaw\workspace\temp-garden\prompt\tests\ExtendedEdgeCaseTests.cs:line 511
   at System.RuntimeMethodHandle.InvokeMethod(Object target, Void** arguments, Signature sig, Boolean isConstructor)
   at System.Reflection.MethodBaseInvoker.InvokeWithNoArgs(Object obj, BindingFlags invokeAttr)

Failed!  - Failed:     7, Passed:  1019, Skipped:     0, Total:  1026, Duration: 23 s - Prompt.Tests.dll (net8.0)
